// Jest Snapshot v1, https://goo.gl/fbAQLP

exports[`Footer should render Footer component 1`] = `
<footer
  class="footer"
>
   all copy right reserved
</footer>
`;
