// Jest Snapshot v1, https://goo.gl/fbAQLP

exports[`Recipes should render correctly 1`] = `
<div>
  <div
    class="container"
  >
    <div
      class="container"
      data-testid="container"
    />
  </div>
</div>
`;
