// Jest Snapshot v1, https://goo.gl/fbAQLP

exports[`Card should render card component 1`] = `
<div
  class="card"
  data-testid="card"
>
  <div
    class="image"
  >
    <span
      style="box-sizing: border-box; display: inline-block; overflow: hidden; background: none; opacity: 1; border: 0px; margin: 0px; padding: 0px; position: relative; max-width: 100%;"
    >
      <span
        style="box-sizing: border-box; display: block; background: none; opacity: 1; border: 0px; margin: 0px; padding: 0px; max-width: 100%;"
      >
        <img
          alt=""
          aria-hidden="true"
          src="data:image/svg+xml,%3csvg%20xmlns=%27http://www.w3.org/2000/svg%27%20version=%271.1%27%20width=%27300%27%20height=%27150%27/%3e"
          style="display: block; max-width: 100%; background: none; opacity: 1; border: 0px; margin: 0px; padding: 0px;"
        />
      </span>
      <img
        alt="chechen"
        data-nimg="intrinsic"
        decoding="async"
        src="data:image/gif;base64,R0lGODlhAQABAIAAAAAAAP///yH5BAEAAAAALAAAAAABAAEAAAIBRAA7"
        style="position: absolute; top: 0px; left: 0px; bottom: 0px; right: 0px; box-sizing: border-box; padding: 0px; margin: auto; display: block; width: 0px; height: 0px; min-width: 100%; max-width: 100%; min-height: 100%; max-height: 100%; object-fit: cover;"
      />
      <noscript />
    </span>
    <span
      class="time"
    >
      <svg
        fill="currentColor"
        height="1em"
        viewBox="0 0 16 16"
        width="1em"
        xmlns="http://www.w3.org/2000/svg"
      >
        <path
          d="M8 3.5a.5.5 0 0 0-1 0V9a.5.5 0 0 0 .252.434l3.5 2a.5.5 0 0 0 .496-.868L8 8.71V3.5z"
        />
        <path
          d="M8 16A8 8 0 1 0 8 0a8 8 0 0 0 0 16zm7-8A7 7 0 1 1 1 8a7 7 0 0 1 14 0z"
        />
      </svg>
       
      50:00 min
    </span>
  </div>
  <div
    class="cardBody"
  >
    <div
      class="cardHead"
    >
      <h3
        class="name"
      >
         
        chechen
      </h3>
      <div
        class="country"
      >
         
        italy
         
      </div>
      <svg
        class="heart"
        data-cy="favIcon"
        fill="currentColor"
        height="16"
        viewBox="0 0 16 16"
        width="16"
        xmlns="http://www.w3.org/2000/svg"
      >
        <path
          d="m8 2.748-.717-.737C5.6.281 2.514.878 1.4 3.053c-.523 1.023-.641 2.5.314 4.385.92 1.815 2.834 3.989 6.286 6.357 3.452-2.368 5.365-4.542 6.286-6.357.955-1.886.838-3.362.314-4.385C13.486.878 10.4.28 8.717 2.01L8 2.748zM8 15C-7.333 4.868 3.279-3.04 7.824 1.143c.06.055.119.112.176.171a3.12 3.12 0 0 1 .176-.17C12.72-3.042 23.333 4.867 8 15z"
        />
      </svg>
    </div>
    <div
      class="description"
    />
  </div>
</div>
`;
