// Jest Snapshot v1, https://goo.gl/fbAQLP

exports[`Recipes list should render RecipeList component 1`] = `
<div
  class="container"
  data-testid="container"
/>
`;
