// Jest Snapshot v1, https://goo.gl/fbAQLP

exports[`Cards list should render CardList component 1`] = `
<div
  class="container"
  data-testid="container"
/>
`;
